MutationMethodNameConverterTest.canHashDecreaseIntegerMutation=[
  "dec_game_var_int_my_variable_to_101"
]


MutationMethodNameConverterTest.canHashIncreaseIntegerMutation=[
  "inc_game_var_int_my_variable_to_50"
]


MutationMethodNameConverterTest.canHashSetBooleanMutationToFalse=[
  "set_game_var_bool_mybol_to_false"
]


MutationMethodNameConverterTest.canHashSetBooleanMutationToTrue=[
  "set_game_var_bool_my_bool_to_true"
]


MutationMethodNameConverterTest.canHashSetStringMutation=[
  "set_game_var_str_my_string_to_newval"
]


MutationMethodNameConverterTest.canHashSetStringMutationForComplextString=[
  "set_game_var_str_my_string_to_Hello__URLCHAR_21____PLUS__I__URLCHAR_27__m__PLUS__using__PLUS__lot__URLCHAR_27__s__PLUS__of__PLUS__really__PLUS____URLCHAR_40__nnoyig__PLUS__pun__URLCHAR_28__tu4t__URLCHAR_60____PERCENT__7C0__PERCENT__7C__PERCENT__5C__PERCENT__7C"
]


dev.punchcafe.gbvng.gen.MutationMethodNameConverterTest.canHashDecreaseIntegerMutation=[
  "dec_game_var_int_my_variable_to_101"
]


dev.punchcafe.gbvng.gen.MutationMethodNameConverterTest.canHashIncreaseIntegerMutation=[
  "inc_game_var_int_my_variable_to_50"
]


dev.punchcafe.gbvng.gen.MutationMethodNameConverterTest.canHashSetBooleanMutationToFalse=[
  "set_game_var_bool_mybol_to_false"
]


dev.punchcafe.gbvng.gen.MutationMethodNameConverterTest.canHashSetBooleanMutationToTrue=[
  "set_game_var_bool_my_bool_to_true"
]


dev.punchcafe.gbvng.gen.MutationMethodNameConverterTest.canHashSetStringMutation=[
  "set_game_var_str_my_string_to_newval"
]


dev.punchcafe.gbvng.gen.MutationMethodNameConverterTest.canHashSetStringMutationForComplextString=[
  "set_game_var_str_my_string_to_Hello__URLCHAR_21____PLUS__I__URLCHAR_27__m__PLUS__using__PLUS__lot__URLCHAR_27__s__PLUS__of__PLUS__really__PLUS____URLCHAR_40__nnoyig__PLUS__pun__URLCHAR_28__tu4t__URLCHAR_60____PERCENT__7C0__PERCENT__7C__PERCENT__5C__PERCENT__7C"
]